{
	"messageName" : "EventMessage",
	"eventName" : "ContractFunctionInvocation",
	"requestId" : "7d4ce6d9-554c-4bd0-acc8-b04cdef298f9",
	"caller" : {
		"type" : "User",
		"id" : 7328581509030029143,
		"ledgerIdentifier" : "O=Member 1, L=London, C=GB"
	},
	"additionalInformation" : {
		"ledgerType" : "corda",
		"platformVersion" : 1
	},
	"contractId" : 6160331808014087866,
	"contractLedgerIdentifier" : "27b3b7ad-10ce-4bd4-a72c-1bf215709a21",
	"functionName" : "NonSenseFlow",
	"parameters" : [
		{
			"name" : "one",
			"value" : "eins"
		},
		{
			"name" : "two",
			"value" : "zwei"
		},
		{
			"name" : "three",
			"value" : "drei"
		}
	],
	"transaction" : {
		"transactionId" : 18446744073709551615,
		"transactionHash" : "0xFFFFFFFFFFFFFFFFFFFFFFFFFFFFFFFFFFFFFFFFFFFFFFFFFFFFFFFFFFFFFFFF",
		"from" : "O=Member 1, L=London, C=GB",
		"to" : "27b3b7ad-10ce-4bd4-a72c-1bf215709a21"
	},
	"inTransactionSequenceNumber" : null,
	"connectionId" : 1,
	"messageSchemaVersion" : "1.0.0"
}