{
	"messageName" : "ContractMessage",
	"blockId" : null,
	"blockHash" : "0xFFFFFFFFFFFFFFFFFFFFFFFFFFFFFFFFFFFFFFFFFFFFFFFFFFFFFFFFFFFFFFFF",
	"requestId" : "81a87eb0-b5aa-4d53-a39f-a6ed0742d90d",
	"additionalInformation" : { },
	"contractLedgerIdentifier" : LINEAR_ID,
	"contractProperties" : [
		{
		    "workflowPropertyId" : null,
			"name" : "state",
			"value" : "Created"
		},
		{
		    "workflowPropertyId" : null,
			"name" : "owner",
			"value" : "O=Alice Ltd., L=Shanghai, C=CN"
		}
	],
	"modifyingTransactions" : [
		{
			"from" : "O=Member 1, L=London, C=GB",
			"to" : LINEAR_ID,
			"transactionId" : BIGINT_VERSION_OF_HASH,
			"transactionHash" : "0xFFFFFFFFFFFFFFFFFFFFFFFFFFFFFFFFFFFFFFFFFFFFFFFFFFFFFFFFFFFFFFFF"
		}
	],
	"contractId" : BIGINT_VERSION_OF_LINEAR_ID,
	"connectionId" : 1,
	"messageSchemaVersion" : "1.0.0",
	"isNewContract" : false
}