{
	"messageName" : "CreateContractUpdate",
	"additionalInformation" : {
		"ledgerType" : "corda",
		"platformVersion" : 1
	},
	"requestId" : "7d4ce6d9-554c-4bd0-acc8-b04cdef298f9",
	"contractId" : 6160331808014087866,
	"contractLedgerIdentifier" : "27b3b7ad-10ce-4bd4-a72c-1bf215709a21",
	"connectionId" : 1,
	"messageSchemaVersion" : "1.0.0",
	"status" : "Committed"
}