{
	"messageName" : "ContractMessage",
	"blockId" : 999,
	"blockHash" : "0xFFFFFFFFFFFFFFFFFFFFFFFFFFFFFFFFFFFFFFFFFFFFFFFFFFFFFFFFFFFFFFFF",
	"requestId" : "81a87eb0-b5aa-4d53-a39f-a6ed0742d90d",
	"additionalInformation" : { },
	"contractLedgerIdentifier" : "f1a27656-3b1a-4469-8e37-04d9e2764bf6",
	"contractProperties" : [
		{
			"name" : "state",
			"value" : "Created"
		},
		{
			"name" : "owner",
			"value" : "O=Alice Ltd., L=Shanghai, C=CN"
		}
	],
	"modifyingTransactions" : [
		{
			"from" : "O=Member 1, L=London, C=GB",
			"to" : [
				"O=Member 2, L=Manchester, C=GB",
				"O=Member 3, L=Bristol, C=GB"
			],
			"transactionId" : 999,
			"transactionHash" : "0xFFFFFFFFFFFFFFFFFFFFFFFFFFFFFFFFFFFFFFFFFFFFFFFFFFFFFFFFFFFFFFFF"
		}
	],
	"contractId" : 1,
	"connectionId" : 1,
	"messageSchemaVersion" : "1.0.0",
	"isNewContract" : false
}