{
	"messageName" : "ContractMessage",
	"blockId" : 115792089237316195423570985008687907853269984665640564039457584007913129639935,
	"blockHash" : "0xFFFFFFFFFFFFFFFFFFFFFFFFFFFFFFFFFFFFFFFFFFFFFFFFFFFFFFFFFFFFFFFF",
	"requestId" : "81a87eb0-b5aa-4d53-a39f-a6ed0742d90d",
	"additionalInformation" : {
		"ledgerType" : "corda",
		"platformVersion" : 1
	},
	"contractLedgerIdentifier" : "f1a27656-3b1a-4469-8e37-04d9e2764bf6",
	"contractProperties" : [
		{
			"workflowPropertyId" : null,
			"name" : "state",
			"value" : "Created"
		},
		{
			"workflowPropertyId" : null,
			"name" : "owner",
			"value" : "O=Alice Ltd., L=Shanghai, C=CN"
		}
	],
	"modifyingTransactions" : [
		{
			"from" : "O=Member 1, L=London, C=GB",
			"to" : "f1a27656-3b1a-4469-8e37-04d9e2764bf6",
			"transactionId" : 115792089237316195423570985008687907853269984665640564039457584007913129639935,
			"transactionHash" : "0xFFFFFFFFFFFFFFFFFFFFFFFFFFFFFFFFFFFFFFFFFFFFFFFFFFFFFFFFFFFFFFFF"
		}
	],
	"contractId" : 321187499231493945288328467852968741878,
	"connectionId" : 1,
	"messageSchemaVersion" : "1.0.0",
	"isNewContract" : false
}