{
	"requestId" : "7d4ce6d9-554c-4bd0-acc8-b04cdef298f9",
	"connectionId" : 1,
	"messageName" : "CreateContractUpdate",
	"contractLedgerIdentifier" : "LINEAR_ID",
	"additionalInformation" : {
		"errorCode" : 543349448,
		"errorMessage" : "Boooom!"
	},
	"status" : "Failure",
	"messageSchemaVersion" : "1.0.0"
}