{
	"eventName" : "ContractFunctionInvocation",
	"requestId" : "7d4ce6d9-554c-4bd0-acc8-b04cdef298f9",
	"caller" : {
		"type" : "User",
		"id" : 388261153,
		"ledgerIdentifier" : "O=Member 1, L=London, C=GB"
	},
	"additionalInformation" : { },
	"contractId" : 1426306713,
	"functionName" : "NonSenseFlow",
	"parameters" : [
		{
			"name" : "one",
			"value" : "eins"
		},
		{
			"name" : "two",
			"value" : "zwei"
		},
		{
			"name" : "three",
			"value" : "drei"
		}
	],
	"transaction" : {
		"transactionId" : 1348943872,
		"transactionHash" : "0000000000000000000000000000000000000000000000000000000000000000",
		"from" : "O=Member 1, L=London, C=GB",
		"to" : "O=Member 2, L=Berlin, C=DE"
	},
	"inTransactionSequenceNumber" : 1,
	"connectionId" : 1,
	"messageSchemaVersion" : "1.0.0",
	"messageName" : "EventMessage"
}