{
	"eventName" : "ContractFunctionInvocation",
	"requestId" : "7d4ce6d9-554c-4bd0-acc8-b04cdef298f9",
	"caller" : {
		"type" : "User",
		"id" : BIGINT,
		"ledgerIdentifier" : "O=Member 1, L=London, C=GB"
	},
	"additionalInformation" : { },
	"contractId" : BIGINT_VERSION_OF_LINEAR_ID,
	"contractLedgerIdentifier" : LINEAR_ID,
	"functionName" : "NonSenseFlow",
	"contractProperties" : [
		{
		    "workflowPropertyId" : null,
			"name" : "one",
			"value" : "eins"
		},
		{
		    "workflowPropertyId" : null,
			"name" : "two",
			"value" : "zwei"
		},
		{
		    "workflowPropertyId" : null,
			"name" : "three",
			"value" : "drei"
		}
	],
	"transaction" : {
		"transactionId" : BIGINT_VERSION_OF_HASH,
		"transactionHash" : "0x0000000000000000000000000000000000000000000000000000000000000000",
		"from" : "O=Member 1, L=London, C=GB",
		"to" : LINEAR_ID
	},
	"inTransactionSequenceNumber" : null,
	"connectionId" : 1,
	"messageSchemaVersion" : "1.0.0",
	"messageName" : "EventMessage"
}