{
	"messageName" : "CreateContractRequest",
	"contractLedgerIdentifier" : "27b3b7ad-10ce-4bd4-a72c-1bf215709a21",
	"requestId" : "7d4ce6d9-554c-4bd0-acc8-b04cdef298f9",
	"additionalInformation" : {
		"errorCode" : 543349448,
		"errorMessage" : "Boooom!"
	},
	"status" : "Failure",
	"messageSchemaVersion" : "1.0.0"
}